// Jest Snapshot v1, https://goo.gl/fbAQLP

exports[`matches snapshot 1`] = `
<div
  className="container"
  data-testid="TextField"
>
  <h4
    data-testid="Label"
  >
    <span>
      test
    </span>
  </h4>
  <textarea
    className="textarea undefined"
    name="test"
    onChange={[Function]}
    value=""
  />
</div>
`;
